Testing BASE: https://www.carcino.work
Testing KEY: PRESENT

Fetching /api/content/blogs...
node : Error fetching 
/api/content/blogs:
At line:1 char:1
+ node tmp/test-api.js 
> tmp/test-output.txt 
2>&1
+ ~~~~~~~~~~~~~~~~~~~~~
~~~~~~~~~~~~~~~~~~~~~~~
~~~
    + CategoryInfo     
         : NotSpecifi  
  ed: (Error fetchin   
 g /api/content/blo    
gs::String) [], Re    
moteException
    + FullyQualifiedEr 
   rorId : NativeComm  
  andError
 
Status: 500
Data: {"error":"Failed 
to fetch blogs"}

Fetching /api/content/survivor-stories...
Error fetching /api/con
tent/survivor-stories:
Status: 500
Data: {"error":"Failed 
to fetch stories"}

Fetching /api/content/cancer-docs...
Error fetching /api/con
tent/cancer-docs:
Status: 500
Data: {"error":"Failed 
to fetch docs"}
